Release 14.7 - xst P.20131013 (nt64)
Copyright (c) 1995-2013 Xilinx, Inc.  All rights reserved.
--> Parameter TMPDIR set to xst/projnav.tmp


Total REAL time to Xst completion: 0.00 secs
Total CPU time to Xst completion: 0.16 secs
 
--> Parameter xsthdpdir set to xst


Total REAL time to Xst completion: 0.00 secs
Total CPU time to Xst completion: 0.16 secs
 
--> Reading design: FloatType.prj

TABLE OF CONTENTS
  1) Synthesis Options Summary
  2) HDL Compilation
  3) Design Hierarchy Analysis
  4) HDL Analysis
  5) HDL Synthesis
     5.1) HDL Synthesis Report
  6) Advanced HDL Synthesis
     6.1) Advanced HDL Synthesis Report
  7) Low Level Synthesis
  8) Partition Report
  9) Final Report
	9.1) Device utilization summary
	9.2) Partition Resource Summary
	9.3) TIMING REPORT


=========================================================================
*                      Synthesis Options Summary                        *
=========================================================================
---- Source Parameters
Input File Name                    : "FloatType.prj"
Input Format                       : mixed
Ignore Synthesis Constraint File   : NO

---- Target Parameters
Output File Name                   : "FloatType"
Output Format                      : NGC
Target Device                      : xa3s50-4-vqg100

---- Source Options
Top Module Name                    : FloatType
Automatic FSM Extraction           : YES
FSM Encoding Algorithm             : Auto
Safe Implementation                : No
FSM Style                          : LUT
RAM Extraction                     : Yes
RAM Style                          : Auto
ROM Extraction                     : Yes
Mux Style                          : Auto
Decoder Extraction                 : YES
Priority Encoder Extraction        : Yes
Shift Register Extraction          : YES
Logical Shifter Extraction         : YES
XOR Collapsing                     : YES
ROM Style                          : Auto
Mux Extraction                     : Yes
Resource Sharing                   : YES
Asynchronous To Synchronous        : NO
Multiplier Style                   : Auto
Automatic Register Balancing       : No

---- Target Options
Add IO Buffers                     : YES
Global Maximum Fanout              : 500
Add Generic Clock Buffer(BUFG)     : 8
Register Duplication               : YES
Slice Packing                      : YES
Optimize Instantiated Primitives   : NO
Use Clock Enable                   : Yes
Use Synchronous Set                : Yes
Use Synchronous Reset              : Yes
Pack IO Registers into IOBs        : Auto
Equivalent register Removal        : YES

---- General Options
Optimization Goal                  : Speed
Optimization Effort                : 1
Keep Hierarchy                     : No
Netlist Hierarchy                  : As_Optimized
RTL Output                         : Yes
Global Optimization                : AllClockNets
Read Cores                         : YES
Write Timing Constraints           : NO
Cross Clock Analysis               : NO
Hierarchy Separator                : /
Bus Delimiter                      : <>
Case Specifier                     : Maintain
Slice Utilization Ratio            : 100
BRAM Utilization Ratio             : 100
Verilog 2001                       : YES
Auto BRAM Packing                  : NO
Slice Utilization Ratio Delta      : 5

=========================================================================


=========================================================================
*                          HDL Compilation                              *
=========================================================================
Compiling verilog file "FloatType.v" in library work
Module <FloatType> compiled
No errors in compilation
Analysis of file <"FloatType.prj"> succeeded.
 

=========================================================================
*                     Design Hierarchy Analysis                         *
=========================================================================
Analyzing hierarchy for module <FloatType> in library <work>.


=========================================================================
*                            HDL Analysis                               *
=========================================================================
Analyzing top module <FloatType>.
Module <FloatType> is correct for synthesis.
 

=========================================================================
*                           HDL Synthesis                               *
=========================================================================

Performing bidirectional port resolution...

Synthesizing Unit <FloatType>.
    Related source file is "FloatType.v".
WARNING:Xst:647 - Input <num<31>> is never used. This port will be preserved and left unconnected if it belongs to a top-level block or it belongs to a sub-block and the hierarchy of this sub-block is preserved.
Unit <FloatType> synthesized.


=========================================================================
HDL Synthesis Report

Found no macro
=========================================================================

=========================================================================
*                       Advanced HDL Synthesis                          *
=========================================================================


=========================================================================
Advanced HDL Synthesis Report

Found no macro
=========================================================================

=========================================================================
*                         Low Level Synthesis                           *
=========================================================================

Optimizing unit <FloatType> ...

Mapping all equations...
Building and optimizing final netlist ...
Found area constraint ratio of 100 (+ 5) on block FloatType, actual ratio is 1.

Final Macro Processing ...

=========================================================================
Final Register Report

Found no macro
=========================================================================

=========================================================================
*                           Partition Report                            *
=========================================================================

Partition Implementation Status
-------------------------------

  No Partitions were found in this design.

-------------------------------

=========================================================================
*                            Final Report                               *
=========================================================================
Final Results
RTL Top Level Output File Name     : FloatType.ngr
Top Level Output File Name         : FloatType
Output Format                      : NGC
Optimization Goal                  : Speed
Keep Hierarchy                     : No

Design Statistics
# IOs                              : 37

Cell Usage :
# BELS                             : 23
#      GND                         : 1
#      LUT3                        : 5
#      LUT4                        : 10
#      MUXCY                       : 6
#      VCC                         : 1
# IO Buffers                       : 36
#      IBUF                        : 31
#      OBUF                        : 5
=========================================================================

Device utilization summary:
---------------------------

Selected Device : xa3s50vqg100-4 

 Number of Slices:                        8  out of    768     1%  
 Number of 4 input LUTs:                 15  out of   1536     0%  
 Number of IOs:                          37
 Number of bonded IOBs:                  36  out of     63    57%  

---------------------------
Partition Resource Summary:
---------------------------

  No Partitions were found in this design.

---------------------------


=========================================================================
TIMING REPORT

NOTE: THESE TIMING NUMBERS ARE ONLY A SYNTHESIS ESTIMATE.
      FOR ACCURATE TIMING INFORMATION PLEASE REFER TO THE TRACE REPORT
      GENERATED AFTER PLACE-and-ROUTE.

Clock Information:
------------------
No clock signals found in this design

Asynchronous Control Signals Information:
----------------------------------------
No asynchronous control signals found in this design

Timing Summary:
---------------
Speed Grade: -4

   Minimum period: No path found
   Minimum input arrival time before clock: No path found
   Maximum output required time after clock: No path found
   Maximum combinational path delay: 11.552ns

Timing Detail:
--------------
All values displayed in nanoseconds (ns)

=========================================================================
Timing constraint: Default path analysis
  Total number of paths / destination ports: 140 / 5
-------------------------------------------------------------------------
Delay:               11.552ns (Levels of Logic = 10)
  Source:            num<8> (PAD)
  Destination:       float_type<4> (PAD)

  Data Path: num<8> to float_type<4>
                                Gate     Net
    Cell:in->out      fanout   Delay   Delay  Logical Name (Net Name)
    ----------------------------------------  ------------
     IBUF:I->O             1   0.821   1.140  num_8_IBUF (num_8_IBUF)
     LUT3:I0->O            1   0.551   0.000  float_type_0_cmp_eq0001_wg_lut<0> (float_type_0_cmp_eq0001_wg_lut<0>)
     MUXCY:S->O            1   0.500   0.000  float_type_0_cmp_eq0001_wg_cy<0> (float_type_0_cmp_eq0001_wg_cy<0>)
     MUXCY:CI->O           1   0.064   0.000  float_type_0_cmp_eq0001_wg_cy<1> (float_type_0_cmp_eq0001_wg_cy<1>)
     MUXCY:CI->O           1   0.064   0.000  float_type_0_cmp_eq0001_wg_cy<2> (float_type_0_cmp_eq0001_wg_cy<2>)
     MUXCY:CI->O           1   0.064   0.000  float_type_0_cmp_eq0001_wg_cy<3> (float_type_0_cmp_eq0001_wg_cy<3>)
     MUXCY:CI->O           1   0.064   0.000  float_type_0_cmp_eq0001_wg_cy<4> (float_type_0_cmp_eq0001_wg_cy<4>)
     MUXCY:CI->O           4   0.303   0.985  float_type_0_cmp_eq0001_wg_cy<5> (float_type_0_cmp_eq0001)
     LUT3:I2->O            1   0.551   0.801  float_type_4_and00001 (float_type_4_OBUF)
     OBUF:I->O                 5.644          float_type_4_OBUF (float_type<4>)
    ----------------------------------------
    Total                     11.552ns (8.626ns logic, 2.926ns route)
                                       (74.7% logic, 25.3% route)

=========================================================================


Total REAL time to Xst completion: 2.00 secs
Total CPU time to Xst completion: 2.38 secs
 
--> 

Total memory usage is 4515256 kilobytes

Number of errors   :    0 (   0 filtered)
Number of warnings :    1 (   0 filtered)
Number of infos    :    0 (   0 filtered)

