MO BlockChecker NULL BlockChecker.v vlg50/_block_checker.bin 1697256781
MO expr NULL expr.v vlg2B/expr.bin 1697181700
MO splitter NULL splitter.v vlg3F/splitter.bin 1697075415
MO gray NULL gray.v vlg4B/gray.bin 1697080927
MO ext NULL ext.v vlg29/ext.bin 1697078678
MO alu NULL alu.v vlg0A/alu.bin 1697076510
